
> vitisguard@0.0.0 test:unit
> vitest --run


[1m[46m RUN [49m[22m [36mv4.0.18 [39m[90m/home/penascalf5/Documentos/PROYECTOS _Visual studuio code/vitisguard[39m

 [32m✓[39m src/__tests__/auth.spec.ts [2m([22m[2m9 tests[22m[2m)[22m[32m 17[2mms[22m[39m
 [32m✓[39m src/components/atoms/data-card/DataCardTrend.test.ts [2m([22m[2m4 tests[22m[2m)[22m[32m 45[2mms[22m[39m
 [32m✓[39m src/components/atoms/DataCard.spec.ts [2m([22m[2m3 tests[22m[2m)[22m[32m 52[2mms[22m[39m
 [32m✓[39m src/components/atoms/data-card/DataCardValue.test.ts [2m([22m[2m5 tests[22m[2m)[22m[32m 61[2mms[22m[39m
 [32m✓[39m src/components/atoms/data-card/DataCard.test.ts [2m([22m[2m6 tests[22m[2m)[22m[32m 94[2mms[22m[39m
 [32m✓[39m src/components/atoms/base-badge/BaseBadge.test.ts [2m([22m[2m5 tests[22m[2m)[22m[32m 108[2mms[22m[39m
 [32m✓[39m src/views/DashboardView.spec.ts [2m([22m[2m4 tests[22m[2m)[22m[32m 98[2mms[22m[39m
 [32m✓[39m src/__tests__/App.spec.ts [2m([22m[2m1 test[22m[2m)[22m[32m 48[2mms[22m[39m
 [32m✓[39m src/composables/use-disease-detection.spec.ts [2m([22m[2m10 tests[22m[2m)[22m[32m 17[2mms[22m[39m
 [32m✓[39m src/composables/use-recommendations.spec.ts [2m([22m[2m6 tests[22m[2m)[22m[32m 5[2mms[22m[39m
 [32m✓[39m src/composables/use-weather.spec.ts [2m([22m[2m12 tests[22m[2m)[22m[32m 26[2mms[22m[39m
 [32m✓[39m src/__tests__/useWeather.spec.ts [2m([22m[2m6 tests[22m[2m)[22m[32m 8[2mms[22m[39m

[2m Test Files [22m [1m[32m12 passed[39m[22m[90m (12)[39m
[2m      Tests [22m [1m[32m71 passed[39m[22m[90m (71)[39m
[2m   Start at [22m 12:30:15
[2m   Duration [22m 3.07s[2m (transform 1.63s, setup 0ms, import 4.33s, tests 581ms, environment 10.80s)[22m

